<html>
<body>
<pre>
<h1>µVision Build Log</h1>
<h2>Project:</h2>
F:\github\MBED-NXP-LPC1768-LWIP\Libraries\NXP\Core\CM3\Example\arm\LPC17xx\CMSIS_Example_LPC17xx.Uv2
Project File Date:  05/29/2014

<h2>Output:</h2>
Build target 'MCB1700'
creating preprocessor file for core_cm3.c...
compiling core_cm3.c...
assembling startup_LPC17xx.s...
creating preprocessor file for system_LPC17xx.c...
compiling system_LPC17xx.c...
creating preprocessor file for main_LPC17xx.c...
compiling main_LPC17xx.c...
linking...
Program Size: Code=1200 RO-data=232 RW-data=8 ZI-data=608  
".\obj\CMSIS_Example.axf" - 0 Error(s), 0 Warning(s).
</pre>
</body>
</html>
